============================= test session starts =============================
platform win32 -- Python 3.10.11, pytest-8.3.5, pluggy-1.6.0 -- C:\Users\DELL\Desktop\Prueba con Windsurf AI\La Mßquina de Noticias\.venv\Scripts\python.exe
cachedir: .pytest_cache
rootdir: C:\Users\DELL\Desktop\Prueba con Windsurf AI\La Mßquina de Noticias
plugins: anyio-4.9.0, mock-3.14.1
collecting ... collected 0 items / 1 error

=================================== ERRORS ====================================
___ ERROR collecting src/module_scraper/tests/test_supabase_integration.py ____
ImportError while importing test module 'C:\Users\DELL\Desktop\Prueba con Windsurf AI\La Mßquina de Noticias\src\module_scraper\tests\test_supabase_integration.py'.
Hint: make sure your test modules/packages have valid Python names.
Traceback:
..\..\..\AppData\Local\Programs\Python\Python310\lib\importlib\__init__.py:126: in import_module
    return _bootstrap._gcd_import(name[level:], package, level)
src\module_scraper\tests\test_supabase_integration.py:10: in <module>
    from scraper_core.pipelines import SupabaseStoragePipeline
E   ImportError: cannot import name 'SupabaseStoragePipeline' from 'scraper_core.pipelines' (C:\Users\DELL\Desktop\Prueba con Windsurf AI\La Mßquina de Noticias\src\module_scraper\scraper_core\pipelines\__init__.py)
=========================== short test summary info ===========================
ERROR src/module_scraper/tests/test_supabase_integration.py
!!!!!!!!!!!!!!!!!!! Interrupted: 1 error during collection !!!!!!!!!!!!!!!!!!!!
============================== 1 error in 0.61s ===============================
